../Drivers/lvgl/src/widgets/lv_btnmatrix.c:900:16:get_button_width	0	static
../Drivers/lvgl/src/widgets/lv_btnmatrix.c:906:13:button_is_hidden	0	static
../Drivers/lvgl/src/widgets/lv_btnmatrix.c:911:13:button_is_checked	0	static
../Drivers/lvgl/src/widgets/lv_btnmatrix.c:916:13:button_is_repeat_disabled	0	static
../Drivers/lvgl/src/widgets/lv_btnmatrix.c:921:13:button_is_inactive	0	static
../Drivers/lvgl/src/widgets/lv_btnmatrix.c:926:13:button_is_click_trig	0	static
../Drivers/lvgl/src/widgets/lv_btnmatrix.c:931:13:button_is_popover	0	static
../Drivers/lvgl/src/widgets/lv_btnmatrix.c:936:13:button_is_checkable	0	static
../Drivers/lvgl/src/widgets/lv_btnmatrix.c:941:13:button_get_checked	0	static
../Drivers/lvgl/src/widgets/lv_btnmatrix.c:946:13:button_is_recolor	0	static
../Drivers/lvgl/src/widgets/lv_btnmatrix.c:1067:13:has_popovers_in_top_row	24	static
../Drivers/lvgl/src/widgets/lv_btnmatrix.c:956:17:get_button_from_point	72	static
../Drivers/lvgl/src/widgets/lv_btnmatrix.c:1009:13:invalidate_button_area	40	static
../Drivers/lvgl/src/widgets/lv_btnmatrix.c:687:13:draw_main	352	static
../Drivers/lvgl/src/widgets/lv_btnmatrix.c:392:13:lv_btnmatrix_destructor	8	static
../Drivers/lvgl/src/widgets/lv_btnmatrix.c:855:13:allocate_btn_areas_and_controls	24	static
../Drivers/lvgl/src/widgets/lv_btnmatrix.c:81:12:lv_btnmatrix_create	8	static
../Drivers/lvgl/src/widgets/lv_btnmatrix.c:93:6:lv_btnmatrix_set_map	104	static
../Drivers/lvgl/src/widgets/lv_btnmatrix.c:374:13:lv_btnmatrix_constructor	8	static
../Drivers/lvgl/src/widgets/lv_btnmatrix.c:184:6:lv_btnmatrix_set_ctrl_map	8	static
../Drivers/lvgl/src/widgets/lv_btnmatrix.c:194:6:lv_btnmatrix_set_selected_btn	16	static
../Drivers/lvgl/src/widgets/lv_btnmatrix.c:240:6:lv_btnmatrix_clear_btn_ctrl	16	static
../Drivers/lvgl/src/widgets/lv_btnmatrix.c:272:6:lv_btnmatrix_clear_btn_ctrl_all	16	static
../Drivers/lvgl/src/widgets/lv_btnmatrix.c:207:6:lv_btnmatrix_set_btn_ctrl	16	static
../Drivers/lvgl/src/widgets/lv_btnmatrix.c:261:6:lv_btnmatrix_set_btn_ctrl_all	16	static
../Drivers/lvgl/src/widgets/lv_btnmatrix.c:283:6:lv_btnmatrix_set_btn_width	8	static
../Drivers/lvgl/src/widgets/lv_btnmatrix.c:310:15:lv_btnmatrix_get_map	0	static
../Drivers/lvgl/src/widgets/lv_btnmatrix.c:318:10:lv_btnmatrix_get_selected_btn	0	static
../Drivers/lvgl/src/widgets/lv_btnmatrix.c:326:14:lv_btnmatrix_get_btn_text	32	static
../Drivers/lvgl/src/widgets/lv_btnmatrix.c:351:6:lv_btnmatrix_has_btn_ctrl	0	static
../Drivers/lvgl/src/widgets/lv_btnmatrix.c:1052:13:make_one_button_checked	16	static
../Drivers/lvgl/src/widgets/lv_btnmatrix.c:404:13:lv_btnmatrix_event	48	static
../Drivers/lvgl/src/widgets/lv_btnmatrix.c:295:6:lv_btnmatrix_set_one_checked	8	static
../Drivers/lvgl/src/widgets/lv_btnmatrix.c:361:6:lv_btnmatrix_get_one_checked	0	static
