../Drivers/lvgl/src/widgets/lv_slider.c:442:13:is_slider_horizontal	16	static
../Drivers/lvgl/src/widgets/lv_slider.c:412:13:position_knob	32	static
../Drivers/lvgl/src/widgets/lv_slider.c:80:13:lv_slider_constructor	16	static
../Drivers/lvgl/src/widgets/lv_slider.c:332:13:draw_knob	224	static
../Drivers/lvgl/src/widgets/lv_slider.c:95:13:lv_slider_event	64	static
../Drivers/lvgl/src/widgets/lv_slider.c:60:12:lv_slider_create	8	static
../Drivers/lvgl/src/widgets/lv_slider.c:68:6:lv_slider_is_dragged	0	static
