../Drivers/lvgl/src/misc/lv_area.c:587:13:lv_point_within_circle	4	static
../Drivers/lvgl/src/misc/lv_area.c:48:6:lv_area_set	0	static
../Drivers/lvgl/src/misc/lv_area.c:61:6:lv_area_set_width	0	static
../Drivers/lvgl/src/misc/lv_area.c:71:6:lv_area_set_height	0	static
../Drivers/lvgl/src/misc/lv_area.c:82:6:_lv_area_set_pos	16	static
../Drivers/lvgl/src/misc/lv_area.c:97:10:lv_area_get_size	0	static
../Drivers/lvgl/src/misc/lv_area.c:106:6:lv_area_increase	0	static
../Drivers/lvgl/src/misc/lv_area.c:114:6:lv_area_move	0	static
../Drivers/lvgl/src/misc/lv_area.c:129:6:_lv_area_intersect	8	static
../Drivers/lvgl/src/misc/lv_area.c:224:6:_lv_area_join	0	static
../Drivers/lvgl/src/misc/lv_area.c:239:6:_lv_area_is_point_on	24	static
../Drivers/lvgl/src/misc/lv_area.c:305:6:_lv_area_is_on	0	static
../Drivers/lvgl/src/misc/lv_area.c:322:6:_lv_area_is_in	32	static
../Drivers/lvgl/src/misc/lv_area.c:153:8:_lv_area_diff	40	static
../Drivers/lvgl/src/misc/lv_area.c:363:6:_lv_area_is_out	40	static
../Drivers/lvgl/src/misc/lv_area.c:394:6:_lv_area_is_equal	0	static
../Drivers/lvgl/src/misc/lv_area.c:406:6:lv_area_align	12	static
../Drivers/lvgl/src/misc/lv_area.c:532:6:lv_point_transform	48	static
