../Drivers/lvgl/src/misc/lv_fs.c:512:21:lv_fs_get_real_path	0	static
../Drivers/lvgl/src/misc/lv_fs.c:132:20:lv_fs_read_cached	56	static
../Drivers/lvgl/src/misc/lv_fs.c:41:6:_lv_fs_init	8	static
../Drivers/lvgl/src/misc/lv_fs.c:105:13:lv_fs_close	16	static
../Drivers/lvgl/src/misc/lv_fs.c:205:13:lv_fs_read	32	static
../Drivers/lvgl/src/misc/lv_fs.c:226:13:lv_fs_write	32	static
../Drivers/lvgl/src/misc/lv_fs.c:245:13:lv_fs_seek	24	static
../Drivers/lvgl/src/misc/lv_fs.c:300:13:lv_fs_tell	8	static
../Drivers/lvgl/src/misc/lv_fs.c:358:13:lv_fs_dir_read	8	static
../Drivers/lvgl/src/misc/lv_fs.c:375:13:lv_fs_dir_close	8	static
../Drivers/lvgl/src/misc/lv_fs.c:393:6:lv_fs_drv_init	8	static
../Drivers/lvgl/src/misc/lv_fs.c:398:6:lv_fs_drv_register	8	static
../Drivers/lvgl/src/misc/lv_fs.c:409:15:lv_fs_get_drv	8	static
../Drivers/lvgl/src/misc/lv_fs.c:46:6:lv_fs_is_ready	8	static
../Drivers/lvgl/src/misc/lv_fs.c:57:13:lv_fs_open	24	static
../Drivers/lvgl/src/misc/lv_fs.c:324:13:lv_fs_dir_open	24	static
../Drivers/lvgl/src/misc/lv_fs.c:422:8:lv_fs_get_letters	16	static
../Drivers/lvgl/src/misc/lv_fs.c:437:14:lv_fs_get_ext	8	static
../Drivers/lvgl/src/misc/lv_fs.c:452:8:lv_fs_up	8	static
../Drivers/lvgl/src/misc/lv_fs.c:478:14:lv_fs_get_last	8	static
