../Core/Src/ili9341.c:5:13:ILI9341_Select	8	static
../Core/Src/ili9341.c:24:13:ILI9341_WriteData	16	static
../Core/Src/ili9341.c:19:13:ILI9341_WriteCommand	16	static
../Core/Src/ili9341.c:13:13:ILI9341_Reset	8	static
../Core/Src/ili9341.c:9:6:ILI9341_Unselect	8	static
../Core/Src/ili9341.c:36:6:ILI9341_SetAddressWindow	32	static
../Core/Src/ili9341.c:269:13:ILI9341_WriteChar	48	static
../Core/Src/ili9341.c:55:6:ILI9341_Init	32	static
../Core/Src/ili9341.c:220:6:ILI9341_SetWindow	32	static
../Core/Src/ili9341.c:243:6:ILI9341_DrawBitmap	16	static
../Core/Src/ili9341.c:256:6:ILI9341_DrawPixel	24	static
../Core/Src/ili9341.c:288:6:ILI9341_WriteString	48	static
../Core/Src/ili9341.c:314:6:ILI9341_FillRectangle	32	static
../Core/Src/ili9341.c:334:6:ILI9341_FillScreen	16	static
../Core/Src/ili9341.c:338:6:ILI9341_DrawImage	24	static
../Core/Src/ili9341.c:349:6:ILI9341_InvertColors	8	static
