c:\users\admin\stm32cubeide\workspace_1.12.1\discovery_2\drivers\lvgl\src\misc\lv_area.h:123:26:lv_area_get_width	0	static
c:\users\admin\stm32cubeide\workspace_1.12.1\discovery_2\drivers\lvgl\src\misc\lv_area.h:133:26:lv_area_get_height	0	static
../Drivers/lvgl/src/extra/layouts/flex/lv_flex.c:542:13:place_content	4	static
../Drivers/lvgl/src/extra/layouts/flex/lv_flex.c:582:19:get_next_item	0	static
../Drivers/lvgl/src/extra/layouts/flex/lv_flex.c:314:16:find_track_end	64	static
../Drivers/lvgl/src/extra/layouts/flex/lv_flex.c:401:13:children_repos	112	static
../Drivers/lvgl/src/extra/layouts/flex/lv_flex.c:206:13:flex_update	120	static
../Drivers/lvgl/src/extra/layouts/flex/lv_flex.c:90:6:lv_flex_init	8	static
../Drivers/lvgl/src/extra/layouts/flex/lv_flex.c:122:6:lv_style_set_flex_flow	8	static
../Drivers/lvgl/src/extra/layouts/flex/lv_flex.c:130:6:lv_style_set_flex_main_place	8	static
../Drivers/lvgl/src/extra/layouts/flex/lv_flex.c:138:6:lv_style_set_flex_cross_place	8	static
../Drivers/lvgl/src/extra/layouts/flex/lv_flex.c:146:6:lv_style_set_flex_track_place	8	static
../Drivers/lvgl/src/extra/layouts/flex/lv_flex.c:154:6:lv_style_set_flex_grow	8	static
../Drivers/lvgl/src/extra/layouts/flex/lv_flex.c:162:6:lv_obj_set_style_flex_flow	8	static
../Drivers/lvgl/src/extra/layouts/flex/lv_flex.c:101:6:lv_obj_set_flex_flow	8	static
../Drivers/lvgl/src/extra/layouts/flex/lv_flex.c:170:6:lv_obj_set_style_flex_main_place	8	static
../Drivers/lvgl/src/extra/layouts/flex/lv_flex.c:178:6:lv_obj_set_style_flex_cross_place	8	static
../Drivers/lvgl/src/extra/layouts/flex/lv_flex.c:186:6:lv_obj_set_style_flex_track_place	8	static
../Drivers/lvgl/src/extra/layouts/flex/lv_flex.c:107:6:lv_obj_set_flex_align	16	static
../Drivers/lvgl/src/extra/layouts/flex/lv_flex.c:194:6:lv_obj_set_style_flex_grow	8	static
../Drivers/lvgl/src/extra/layouts/flex/lv_flex.c:116:6:lv_obj_set_flex_grow	8	static
