../Drivers/lvgl/src/extra/widgets/span/lv_span.c:631:17:lv_get_snippet_cnt	0	static
../Drivers/lvgl/src/extra/widgets/span/lv_span.c:636:23:lv_get_snippet	0	static
../Drivers/lvgl/src/extra/widgets/span/lv_span.c:641:13:lv_snippet_clear	0	static
../Drivers/lvgl/src/extra/widgets/span/lv_span.c:734:19:convert_indent_pct	0	static
../Drivers/lvgl/src/extra/widgets/span/lv_span.c:660:19:lv_span_get_style_text_letter_space	16	static
../Drivers/lvgl/src/extra/widgets/span/lv_span.c:674:19:lv_span_get_style_text_color	16	static
../Drivers/lvgl/src/extra/widgets/span/lv_span.c:684:17:lv_span_get_style_text_opa	16	static
../Drivers/lvgl/src/extra/widgets/span/lv_span.c:646:26:lv_span_get_style_text_font	16	static
../Drivers/lvgl/src/extra/widgets/span/lv_span.c:698:24:lv_span_get_style_text_blend_mode	16	static
../Drivers/lvgl/src/extra/widgets/span/lv_span.c:712:16:lv_span_get_style_text_decor	16	static
../Drivers/lvgl/src/extra/widgets/span/lv_span.c:599:13:lv_txt_get_snippet	24	static
../Drivers/lvgl/src/extra/widgets/span/lv_span.c:620:13:lv_snippet_push	12	static
../Drivers/lvgl/src/extra/widgets/span/lv_span.c:757:13:lv_draw_span	256	static
../Drivers/lvgl/src/extra/widgets/span/lv_span.c:588:13:draw_main	16	static
../Drivers/lvgl/src/extra/widgets/span/lv_span.c:1033:13:refresh_self_size	8	static
../Drivers/lvgl/src/extra/widgets/span/lv_span.c:515:13:lv_spangroup_destructor	16	static
../Drivers/lvgl/src/extra/widgets/span/lv_span.c:501:13:lv_spangroup_constructor	8	static
../Drivers/lvgl/src/extra/widgets/span/lv_span.c:89:12:lv_spangroup_create	8	static
../Drivers/lvgl/src/extra/widgets/span/lv_span.c:96:13:lv_spangroup_new_span	16	static
../Drivers/lvgl/src/extra/widgets/span/lv_span.c:117:6:lv_spangroup_del_span	24	static
../Drivers/lvgl/src/extra/widgets/span/lv_span.c:145:6:lv_span_set_text	16	static
../Drivers/lvgl/src/extra/widgets/span/lv_span.c:163:6:lv_span_set_text_static	16	static
../Drivers/lvgl/src/extra/widgets/span/lv_span.c:178:6:lv_spangroup_set_align	8	static
../Drivers/lvgl/src/extra/widgets/span/lv_span.c:183:6:lv_spangroup_set_overflow	8	static
../Drivers/lvgl/src/extra/widgets/span/lv_span.c:193:6:lv_spangroup_set_indent	8	static
../Drivers/lvgl/src/extra/widgets/span/lv_span.c:224:13:lv_spangroup_get_child	16	static
../Drivers/lvgl/src/extra/widgets/span/lv_span.c:261:10:lv_spangroup_get_child_cnt	8	static
../Drivers/lvgl/src/extra/widgets/span/lv_span.c:274:17:lv_spangroup_get_align	8	static
../Drivers/lvgl/src/extra/widgets/span/lv_span.c:279:20:lv_spangroup_get_overflow	0	static
../Drivers/lvgl/src/extra/widgets/span/lv_span.c:286:12:lv_spangroup_get_indent	0	static
../Drivers/lvgl/src/extra/widgets/span/lv_span.c:293:16:lv_spangroup_get_mode	0	static
../Drivers/lvgl/src/extra/widgets/span/lv_span.c:300:9:lv_spangroup_get_lines	0	static
../Drivers/lvgl/src/extra/widgets/span/lv_span.c:341:12:lv_spangroup_get_max_line_h	24	static
../Drivers/lvgl/src/extra/widgets/span/lv_span.c:359:10:lv_spangroup_get_expand_width	56	static
../Drivers/lvgl/src/extra/widgets/span/lv_span.c:391:12:lv_spangroup_get_expand_height	128	static
../Drivers/lvgl/src/extra/widgets/span/lv_span.c:531:13:lv_spangroup_event	16	static
../Drivers/lvgl/src/extra/widgets/span/lv_span.c:307:6:lv_spangroup_refr_mode	8	static
../Drivers/lvgl/src/extra/widgets/span/lv_span.c:204:6:lv_spangroup_set_mode	8	static
../Drivers/lvgl/src/extra/widgets/span/lv_span.c:212:6:lv_spangroup_set_lines	8	static
