../Drivers/lvgl/src/draw/lv_draw_img.c:366:13:draw_cleanup	8	static
../Drivers/lvgl/src/draw/lv_draw_img.c:354:13:show_error	112	static
../Drivers/lvgl/src/draw/lv_draw_img.c:47:6:lv_draw_img_dsc_init	8	static
../Drivers/lvgl/src/draw/lv_draw_img.c:94:9:lv_img_cf_get_px_size	0	static
../Drivers/lvgl/src/draw/lv_draw_img.c:139:6:lv_img_cf_is_chroma_keyed	0	static
../Drivers/lvgl/src/draw/lv_draw_img.c:162:6:lv_img_cf_has_alpha	0	static
../Drivers/lvgl/src/draw/lv_draw_img.c:195:14:lv_img_src_get_type	0	static
../Drivers/lvgl/src/draw/lv_draw_img.c:228:6:lv_draw_img_decoded	24	static
../Drivers/lvgl/src/draw/lv_draw_img.c:240:39:decode_and_draw	88	static
../Drivers/lvgl/src/draw/lv_draw_img.c:63:6:lv_draw_img	24	static
